user@user:~$ # Parameters and Variables
user@user:~$ # x variables
user@user:~$ person=max
user@user:~$ echo $person
max
user@user:~$ echo $person   "$person"   '$person'     \$person
max max $person $person
user@user:~$ person1="max and zach"
user@user:~$ echo $person1
max and zach
user@user:~$ person1=max and zach
O programa 'and' não está instalado no momento. Você pode instalá-lo digitando:
sudo apt install and
user@user:~$ cat > my_script << EOF
> echo \$TEMPDIR
> EOF
user@user:~$ cat my_script 
echo $TEMPDIR
user@user:~$ chmod +x my_script 
user@user:~$ TEMPDIR=~/tmp ./my_script 
/home/user/tmp
user@user:~$ TEMPDIR=~/tmp
user@user:~$ TEMPDIR
TEMPDIR: comando não encontrado
user@user:~$ echo $TEMPDIR
/home/user/tmp
user@user:~$ touch max.report max.summary
user@user:~$ memo=max*
user@user:~$ ls
Área de Trabalho  Documentos  Imagens     max.summary  Música     Público            snap
code              Downloads   max.report  Modelos      my_script  skype-install.deb  Vídeos
user@user:~$ echo $memo
max.report max.summary
user@user:~$ echo "$memo"
max*
user@user:~$ car > m
max.report   max.summary  my_script    
user@user:~$ cat > my_script 
#! /bin/bash
echo -n "Go ahead: "
read firstline 
echo "You entered: $firstline"
^C
user@user:~$ cat  my_script 
#! /bin/bash
echo -n "Go ahead: "
read firstline
echo "You entered: $firstline"
user@user:~$ chomod +x m
max.report   max.summary  my_script    
user@user:~$ chomod +x my_script 
ls
Comando 'chomod' não encontrado, você quis dizer:
 Comando 'chmod' do pacote 'coreutils' (main)
chomod: comando não encontrado
user@user:~$ ls
Área de Trabalho  Documentos  Imagens     max.summary  Música     Público            snap
code              Downloads   max.report  Modelos      my_script  skype-install.deb  Vídeos
user@user:~$ chmod +x my_script 
user@user:~$ ls
Área de Trabalho  Documentos  Imagens     max.summary  Música     Público            snap
code              Downloads   max.report  Modelos      my_script  skype-install.deb  Vídeos
user@user:~$ ./my_script 
Go ahead: helloooo world
You entered: helloooo world
user@user:~$ cat > my_script 
#! /bin/bash
echo -n "Go ahead: "
read firstline
echo "You entered: $firstline"^[[D^[[D^[[D^[[D^[[D^[[D^[[D^[[D^[[D^[[D^[[D            
^C
user@user:~$ cat > my_script 
#! /bin/bash
echo -n "Go ahead: "
read firstline
^Z                            
[1]+  Parado                  cat > my_script
user@user:~$ cat > my_script 
#! /bin/bash
read -p "Go ahead: " firstline
echo "You entered: $firstline"
^C
user@user:~$ ./my_script 
bash: ./my_script: /bin/bash: interpretador inválido: Área de texto ocupada
user@user:~$ cat m
max.report   max.summary  my_script    
user@user:~$ cat my_script 
#! /bin/bash
read -p "Go ahead: " firstline
echo "You entered: $firstline"
user@user:~$ ./my_script 
bash: ./my_script: /bin/bash: interpretador inválido: Área de texto ocupada
user@user:~$ vim my_script 
user@user:~$ cat my_script 
#! /bin/sh
read -p "Go ahead: " firstline
echo "You entered: $firstline"
user@user:~$ ./my_script 
Go ahead: 125kkk
You entered: 125kkk
user@user:~$ cat > my_script 
^C
user@user:~$ ^C
user@user:~$ cat > my_script 
#! /bin/sh
read -p "Go ahead: " firstline
^[^H^H^C
user@user:~$ cat > my_script 
#! /bin/sh
read -p "Go ahead: " 
echo "You entered: $REPLY"
^C
user@user:~$ cat my_script 
#! /bin/sh
read -p "Go ahead: "
echo "You entered: $REPLY"
user@user:~$ ./my_script 
Go ahead: ./my_script: 2: read: arg count
You entered: 
user@user:~$ vim my_script 
user@user:~$ ./my_script 
Go ahead: ./my_script: 2: read: arg count
You entered: 
user@user:~$ cat > my_script 
#! /bin/sh

read -p "Enter Something: " w1 w2 w3
echo "1: $w1"  
echo "2: $w2"
echo "3: $w3"
^C
user@user:~$ cat my_script 
#! /bin/sh

read -p "Enter Something: " w1 w2 w3
echo "1: $w1"
echo "2: $w2"
echo "3: $w3"
user@user:~$ ./my_script 
Enter Something: haha hehe hihi
1: haha
2: hehe
3: hihi
user@user:~$ PREF = counter
PREF: comando não encontrado
user@user:~$ PREF=counter
user@user:~$ FAKE=${PREF}feit
user@user:~$ echo $FAKE
counterfeit
user@user:~$ echo "$FAKE"
counterfeit
user@user:~$ echo '$FAKE'
$FAKE
user@user:~$ FAKE=
user@user:~$ echo $FAKE

user@user:~$ echo $PREF
counter
user@user:~$ unset PREF
user@user:~$ echo $PREF 

user@user:~$ person=user
user@user:~$ echo person
person
user@user:~$ echo $person
user
user@user:~$ readonly person
user@user:~$ echo $person
user
user@user:~$ person=iago
bash: person: a variável permite somente leitura
user@user:~$ integer=10
user@user:~$ echo $integer
10
user@user:~$ declare -rx person2=Luciano
user@user:~$ echo $p
$person   $person1  $person2  $prev     
user@user:~$ echo $person2
Luciano
user@user:~$ declare +x person2=Luciano
bash: declare: person2: a variável permite somente leitura
user@user:~$ declare +r person2=Luciano
bash: declare: person2: a variável permite somente leitura
user@user:~$ declare +x person2
user@user:~$ declare -r
declare -r BASHOPTS="checkwinsize:cmdhist:complete_fullquote:expand_aliases:extglob:extquote:force_fignore:histappend:interactive_comments:progcomp:promptvars:sourcepath"
declare -ir BASHPID
declare -r BASH_COMPLETION_COMPAT_DIR="/etc/bash_completion.d"
declare -ar BASH_REMATCH='([0]="\$pe" [1]="\$" [2]="pe")'
declare -ar BASH_VERSINFO='([0]="4" [1]="3" [2]="48" [3]="1" [4]="release" [5]="x86_64-pc-linux-gnu")'
declare -ir EUID="1000"
declare -ir PPID="22665"
declare -r SHELLOPTS="braceexpand:emacs:hashall:histexpand:history:interactive-comments:monitor"
declare -ir UID="1000"
declare -r person="user"
declare -r person2="Luciano"
user@user:~$ declare -i COUNT
user@user:~$ COUNT = 50
COUNT: comando não encontrado
user@user:~$ COUNT=50
user@user:~$ echo $COUNT 
50
user@user:~$ COUNT=haha
user@user:~$ echo $COUNT 
0
user@user:~$ COUNT=a
user@user:~$ echo $COUNT 
0
user@user:~$ COUNT=A
user@user:~$ echo $COUNT 
0
user@user:~$ echo $HOME
/home/user
user@user:~$ echo ~
/home/user
user@user:~$ $HOME = /
bash: /home/user: É um diretório
user@user:~$ $HOME=/
bash: /home/user=/: Arquivo ou diretório não encontrado
user@user:~$ $HOME=~
bash: /home/user=~: Arquivo ou diretório não encontrado
user@user:~$ $HOME=/home
bash: /home/user=/home: Arquivo ou diretório não encontrado
user@user:~$ $HOME=/home
bash: /home/user=/home: Arquivo ou diretório não encontrado
user@user:~$ $HOME=/home/
bash: /home/user=/home/: Arquivo ou diretório não encontrado
user@user:~$ cd
user@user:~$ echo $PATH
/home/user/bin:/home/user/.local/bin:/usr/local/sbin:/usr/local/bin:/usr/sbin:/usr/bin:/sbin:/bin:/usr/games:/usr/local/games:/snap/bin
user@user:~$ echo $PS1
\[\e]0;\u@\h: \w\a\]${debian_chroot:+($debian_chroot)}\[\033[01;32m\]\u@\h\[\033[00m\]:\[\033[01;34m\]\w\[\033[00m\]\$
user@user:~$ PS1="[\u]$ "
[user]$ echo test
test
[user]$ exit
exit
Existem trabalhos parados.
[user]$ ^C
[user]$ PS1="[\H]$ "
[user]$ PS1="[\H@\u]$ "
[user@user]$ echo $PSI

[user@user]$ echo $PS1
[\H@\u]$
[user@user]$ PS1="Next Command: $"
Next Command: $haha
Comando 'haha' não encontrado, você quis dizer:
 Comando 'aha' do pacote 'aha' (universe)
 Comando 'hacha' do pacote 'hevea' (universe)
haha: comando não encontrado
Next Command: $PS1="Next Command: $ "
Next Command: $ echo hihihi
hihihi
Next Command: $ ^C
Next Command: $ ^C
Next Command: $ PS1="\[\e]0;\u@\h: \w\a\]${debian_chroot:+($debian_chroot)}\[\033[01;32m\]\u@\h\[\033[00m\]:\[\033[01;34m\]\w\[\033[00m\]\$"
user@user:~$PS1="\[\e]0;\u@\h: \w\a\]${debian_chroot:+($debian_chroot)}\[\033[01;32m\]\u@\h\[\033[00m\]:\[\033[01;34m\]\w\[\033[00m\]\$ ->"
user@user:~$ ->PS1="\[\e]0;\u@\h: \w\a\]${debian_chroot:+($debian_chroot)}\[\033[01;32m\]\u@\h\[\033[00m\]:\[\033[01;34m\]\w\[\033[00m\]\$ -> "
user@user:~$ -> echo hihihi
hihihi
user@user:~$ -> PS1="\[\e]0;\u@\h: \w\a\]${debian_chroot:+($debian_chroot)}\[\033[01;32m\]\u@\h\[\033[00m\]:\[\033[01;34m\]\w\[\033[00m\]\$ ➔ "
user@user:~$ ➔ PS1="\[\e]0;\u⋇\h: \w\a\]${debian_chroot:+($debian_chroot)}\[\033[01;32m\]\u@\h\[\033[00m\]:\[\033[01;34m\]\w\[\033[00m\]\$ ➔ "
user@user:~$ ➔ PS1="\[\e]0;\u@\h: \w\a\]${debian_chroot:+($debian_chroot)}\[\033[01;32m\]\u@\h\[\033[00m\]:\[\033[01;34m\]\w\[\033[00m\]\$ ➔ "
user@user:~$ ➔ PS1="\[\e]0;\u@\h: \w\a\]${debian_chroot:+($debian_chroot)}\[\033[01;32m\]\u⋇\h\[\033[00m\]:\[\033[01;34m\]\w\[\033[00m\]\$ ➔ "
user⋇user:~$ ➔ PS1="\[\e]0;\u@\h: \w\a\]${debian_chroot:+($debian_chroot)}\[\033[01;32m\]\u⋇ \h\[\033[00m\]:\[\033[01;34m\]\w\[\033[00m\]\$ ➔ "
user⋇ user:~$ ➔ PS1="\[\e]0;\u@\h: \w\a\]${debian_chroot:+($debian_chroot)}\[\033[01;32m\]\u⋇\h\[\033[00m\]:\[\033[01;34m\]\w\[\033[00m\]\$ ≻ "
user⋇user:~$ ≻ PS1="\[\e]0;\u@\h: \w\a\]${debian_chroot:+($debian_chroot)}\[\033[01;32m\]\u⋇ \h\[\033[00m\]:\[\033[01;34m\]\w\[\033[00m\]\$ ≻ "
user⋇ user:~$ ≻ 
user⋇ user:~$ ≻ 
user⋇ user:~$ ≻ 
user⋇ user:~$ ≻ 
user⋇ user:~$ ≻ 
user⋇ user:~$ ≻ PS1="\[\e]0;\u@\h: \w\a\]${debian_chroot:+($debian_chroot)}\[\033[01;32m\]\u☠ \h\[\033[00m\]:\[\033[01;34m\]\w\[\033[00m\]\$ ≻ "
user☠ user:~$ ≻ 
user☠ user:~$ ≻ 
user☠ user:~$ ≻ 
user☠ user:~$ ≻ PS1="\[\e]0;\u@\h: \w\a\]${debian_chroot:+($debian_chroot)}\[\033[01;32m\]\u☠ \h\[\033[00m\]:\[\033[01;34m\]\w\[\033[00m\]\$ ☞ "
user☠ user:~$ ☞ PS1="\[\e]0;\u@\h: \w\a\]${debian_chroot:+($debian_chroot)}\[\033[01;32m\]\u☠ \h\[\033[00m\]:\[\033[01;34m\]\w\[\033[00m\]\$ ≻ "
user☠ user:~$ ≻ PS1="\[\e]0;\u@\h: \w\a\]${debian_chroot:+($debian_chroot)}\[\033[01;32m\]\u☠ \h\[\033[00m\]:\[\033[01;34m\]\w\[\033[00m\]\$ › "
user☠ user:~$ › PS1="\[\e]0;\u@\h: \w\a\]${debian_chroot:+($debian_chroot)}\[\033[01;32m\]\u☠ \h\[\033[00m\]:\[\033[01;34m\]\w\[\033[00m\]\$ ⋗ "
user☠ user:~$ ⋗ PS1="\[\e]0;\u@\h: \w\a\]${debian_chroot:+($debian_chroot)}\[\033[01;32m\]\u☠ \h\[\033[00m\]:\[\033[01;34m\]\w\[\033[00m\]\$ ⋗ "^C
user☠ user:~$ ⋗ PS1="\[\e]0;\u@\h: \w\a\]${debian_chroot:+($debian_chroot)}\[\033[01;32m\]\u☠ \h\[\033[00m\]:\[\033[01;34m\]\w\[\033[00m\]\$ ⇢ "
user☠ user:~$ ⇢ PS1="\[\e]0;\u@\h: \w\a\]${debian_chroot:+($debian_chroot)}\[\033[01;32m\]\u☠ \h\[\033[00m\]:\[\033[01;34m\]\w\[\033[00m\]\$ ⇝ "
user☠ user:~$ ⇝ PS1="\[\e]0;\u@\h: \w\a\]${debian_chroot:+($debian_chroot)}\[\033[01;32m\]\u☠ \h\[\033[00m\]:\[\033[01;34m\]\w\[\033[00m\]\$ ⇢ "
user☠ user:~$ ⇢ PS1="\[\e]0;\u@\h: \w\a\]${debian_chroot:+($debian_chroot)}\[\033[01;32m\]\u☠ \h\[\033[00m\]:\[\033[01;34m\]\w\[\033[00m\]\$ ≻ "
user☠ user:~$ ≻ PS1="\[\e]0;\u@\h: \w\a\]${debian_chroot:+($debian_chroot)}\[\033[01;32m\]\u☠ \h\[\033[00m\]:\[\033[01;34m\]\w\[\033[00m\]\$ ⇢ "
user☠ user:~$ ⇢ PS1="\[\e]0;\u@\h: \w\a\]${debian_chroot:+($debian_chroot)}\[\033[01;32m\]\u☠ \h\[\033[00m\]:\[\033[01;34m\]\w\[\033[00m\]\$ ≻ "
user☠ user:~$ ≻ echo test
test
user☠ user:~$ ≻ PS1="\[\e]0;\u@\h: \w\a\]${debian_chroot:+($debian_chroot)}\[\033[01;32m\]\u☠ \h\[\033[00m\]:\[\033[01;34m\]\w\[\033[00m\]\$≻ "
user☠ user:~$≻ PS1="\[\e]0;\u@\h: \w\a\]${debian_chroot:+($debian_chroot)}\[\033[01;32m\]\u☠ \h\[\033[00m\]:\[\033[01;34m\]\w\[\033[00m\]\$⇢ "
user☠ user:~$⇢ PS1="\[\e]0;\u@\h: \w\a\]${debian_chroot:+($debian_chroot)}\[\033[01;32m\]\u☠ \h\[\033[00m\]:\[\033[01;34m\]\w\[\033[00m\]\$≻ "
user☠ user:~$≻ ls
Área de Trabalho  Documentos  Imagens     max.summary  Música     Público            snap
code              Downloads   max.report  Modelos      my_script  skype-install.deb  Vídeos
user☠ user:~$≻ cd Área\ de\ Trabalho/
user☠ user:~/Área de Trabalho$≻ cd
user☠ user:~$≻ 
user☠ user:~$≻ NAMES=(x luciano de CR7)
user☠ user:~$≻ echo $NAMES
user
user☠ user:~$≻ echo $NAMES[0]
user[0]
user☠ user:~$≻ echo $NAMES[1]
user[1]
user☠ user:~$≻ echo ${NAMES[1]}
luciano
user☠ user:~$≻ echo ${NAMES[0]}
user
user☠ user:~$≻ echo ${NAMES[2]}
de
user☠ user:~$≻ echo ${NAMES[3]}
CR7
user☠ user:~$≻ echo ${NAMES[@]}
x luciano de CR7
user☠ user:~$≻ echo ${NAMES[*]}
x luciano de CR7
user☠ user:~$≻ n=${NAMES[@]}
user☠ user:~$≻ m=${NAMES[*]}
user☠ user:~$≻ echo $n
x luciano de CR7
user☠ user:~$≻ echo $M

user☠ user:~$≻ echo $m
x luciano de CR7
user☠ user:~$≻ n=("${NAMES[@]}")
user☠ user:~$≻ m=("${NAMES[*]}")
user☠ user:~$≻ declare -a
declare -a BASH_ARGC='()'
declare -a BASH_ARGV='()'
declare -a BASH_LINENO='()'
declare -ar BASH_REMATCH='()'
declare -a BASH_SOURCE='()'
declare -ar BASH_VERSINFO='([0]="4" [1]="3" [2]="48" [3]="1" [4]="release" [5]="x86_64-pc-linux-gnu")'
declare -a DIRSTACK='()'
declare -a FUNCNAME='()'
declare -a GROUPS='()'
declare -a NAMES='([0]="user" [1]="luciano" [2]="de" [3]="CR7")'
declare -a PIPESTATUS='([0]="0")'
declare -a m='([0]="x luciano de CR7")'
declare -a n='([0]="user" [1]="luciano" [2]="de" [3]="CR7")'
user☠ user:~$≻ declare -a | grep user
declare -a NAMES='([0]="user" [1]="luciano" [2]="de" [3]="CR7")'
declare -a m='([0]="x luciano de CR7")'
declare -a n='([0]="user" [1]="luciano" [2]="de" [3]="CR7")'
user☠ user:~$≻ echo ${NAMES[*]}
x luciano de CR7
user☠ user:~$≻ NAMES[1]=user
user☠ user:~$≻ echo ${NAMES[*]}
x x de CR7
user☠ user:~$≻ cat > my_script 
#! /bin/sh

echo "My name is: $NAME"
^C
user☠ user:~$≻ cat my_script 
#! /bin/sh

echo "My name is: $NAME"
user☠ user:~$≻ ./my_script 
My name is: 
user☠ user:~$≻ NAME="user"
user☠ user:~$≻ ./my_script 
My name is: 
user☠ user:~$≻ export NAME="user"
user☠ user:~$≻ ./my_script 
My name is: user
user☠ user:~$≻ cat my_script 
#! /bin/sh

echo "My name is: $NAME"
user☠ user:~$≻ cat > my_script 
#!/bin/sh

echo "my name is: $NAME"
NAME="Neymar"
echo "new name is: $NAME"
^C
user☠ user:~$≻ cat my_script 
#!/bin/sh

echo "my name is: $NAME"
NAME="Neymar"
echo "new name is: $NAME"
user☠ user:~$≻ ./my_script 
my name is: user
new name is: Neymar
user☠ user:~$≻ echo $NAME
user
user☠ user:~$≻ function switch_name (){
>     echo $myname
>     myname=none
> }
user☠ user:~$≻ myname=LOVELACE
user☠ user:~$≻ switch_name 
LOVELACE
user☠ user:~$≻ switch_name 
none
user☠ user:~$≻ switch_name 
none
user☠ user:~$≻ vim count_down
user☠ user:~$≻ cat count_down 
#! /bin/sh

function count_down() {

	typeset count
	count=1
	
	while [ $count -gt 0 ]; do
		echo "$count..."
		((count=count-1))
		sleep 1
	done

	echo "Blast Off."
}
user☠ user:~$≻ ./count_down
bash: ./count_down: Permissão negada
user☠ user:~$≻ chmod +x count_down; ./count_down
./count_down: 3: ./count_down: Syntax error: "(" unexpected
user☠ user:~$≻ vim count_down
user☠ user:~$≻ chmod +x count_down; ./count_down
./count_down: 3: ./count_down: Syntax error: "(" unexpected
user☠ user:~$≻ vim count_down
user☠ user:~$≻ cat count_down 
#! /bin/sh

function count_down () {

	typeset count
	count=$1
	
	while [ $count -gt 0 ]; do
		echo "$count..."
		((count=count-1))
		sleep 1
	done

	echo "Blast Off."
}
user☠ user:~$≻ chmod +x count_down; ./count_down
./count_down: 3: ./count_down: Syntax error: "(" unexpected
user☠ user:~$≻ chmod +x count_down;
user☠ user:~$≻ ./count_down
./count_down: 3: ./count_down: Syntax error: "(" unexpected
user☠ user:~$≻ function count_down () {
> 
> typeset count
> count=$1
> 
> while [ $count -gt 0 ]; do
> 
Display all 2967 possibilities? (y or n)
:
!
./
[
[[
]]
{
}
2to3
2to3-2.7
2to3-3.5
411toppm
a11y-profile-manager-indicator
a2ping
a5booklet
a5toa4
aa-enabled
aa-exec
aa-remove-unknown
aa-status
accept
accessdb
aconnect
acpi_available
acpid
acpi_listen
activity-log-manager
add-apt-repository
addgnupghome
addgroup
addpart
addr2line
add-shell
adduser
adhocfilelist
afm2afm
afm2pl
afm2tfm
agetty
aleph
alert
> t..."
> 
Display all 2967 possibilities? (y or n)
> t=count-1))
> 
Display all 2967 possibilities? (y or n)
:
!
./
[
[[
]]
{
}
2to3
2to3-2.7
2to3-3.5
411toppm
a11y-profile-manager-indicator
a2ping
a5booklet
a5toa4
aa-enabled
aa-exec
aa-remove-unknown
aa-status
accept
accessdb
aconnect
acpi_available
acpid
acpi_listen
activity-log-manager
add-apt-repository
addgnupghome
addgroup
addpart
addr2line
add-shell
adduser
adhocfilelist
afm2afm
afm2pl
afm2tfm
agetty
aleph
alert
alias
> e
> 
> echo "Blast Off."
> }
> function count_down () { typeset count; count=$1;  while [ $count -gt 0 ]; do t..."
t=count-1))
e

echo "Blast Off."
}
bash: erro de sintaxe próximo do `token' não esperado `)'
e: comando não encontrado
Blast Off.
bash: erro de sintaxe próximo do `token' não esperado `}'
user☠ user:~$≻ function count_down () {
> typeset count
Display all 2967 possibilities? (y or n)
> typeset count
> count=$1
> while [ $count -gt 0 ]; do
> echo "$count..."
> ((count=count-1))
> sleep 1
> done
> echo "Blast Off."
> }
user☠ user:~$≻ ./count_down
./count_down: 3: ./count_down: Syntax error: "(" unexpected
user☠ user:~$≻ count=10
user☠ user:~$≻ ./count_down
./count_down: 3: ./count_down: Syntax error: "(" unexpected
user☠ user:~$≻ count_down
bash: [: -gt: esperado operador unário
Blast Off.
user☠ user:~$≻ cat count_down 
#! /bin/sh

function count_down () {

	typeset count
	count=$1
	
	while [ $count -gt 0 ]; do
		echo "$count..."
		((count=count-1))
		sleep 1
	done

	echo "Blast Off."
}
user☠ user:~$≻ ./count_down 4
./count_down: 3: ./count_down: Syntax error: "(" unexpected
user☠ user:~$≻ count_down 4
4...
3...
2...
1...
Blast Off.
user☠ user:~$≻ ./count_down 60
./count_down: 3: ./count_down: Syntax error: "(" unexpected
user☠ user:~$≻ count_down 10
10...
9...
8...
7...
6...
5...
4...
3...
2...
1...
Blast Off.
user☠ user:~$≻ count_down 10
10...
9...
8...
7...
6...
5...
4...
3...
2...
1...
Blast Off.
user☠ user:~$≻ count_down 
bash: [: -gt: esperado operador unário
Blast Off.
user☠ user:~$≻ count_down 13
13...
12...
11...
10...
9...
8...
7...
6...
5...
4...
3...
2...
1...
Blast Off.
user☠ user:~$≻ sleep 5
user☠ user:~$≻ echo $count
10
user☠ user:~$≻ echo $$
22672
user☠ user:~$≻ echo $!

user☠ user:~$≻ echo $!

user☠ user:~$≻ echo $?
0
user☠ user:~$≻ echo $RANDOM
8044
user☠ user:~$≻ echo $RANDOM
9930
user☠ user:~$≻ echo $RANDOM
16682
user☠ user:~$≻ RAN=(($RANDOM*$RANDOM))
bash: erro de sintaxe próximo do `token' não esperado `('
user☠ user:~$≻ RAN=($RANDOM*$RANDOM)
user☠ user:~$≻ echo $RAN
11483*25269
user☠ user:~$≻ RAN=$(($RANDOM*$RANDOM))
user☠ user:~$≻ echo $RAN
637707912
user☠ user:~$≻ echo $RAN
637707912
user☠ user:~$≻ echo $RAN
637707912
user☠ user:~$≻ count_down 3
3...
2...
1...
Blast Off.
user☠ user:~$≻ LS
O programa 'LS' não está instalado no momento. Você pode instalá-lo digitando:
sudo apt install sl
user☠ user:~$≻ ls
Área de Trabalho  Documentos  max.report   Música     skype-install.deb
code              Downloads   max.summary  my_script  snap
count_down        Imagens     Modelos      Público    Vídeos
user☠ user:~$≻ ls count_down 
count_down
user☠ user:~$≻ ls -la count_down 
-rwxrwxr-x 1 x x 170 Mai 11 20:52 count_down
user☠ user:~$≻ echo $?
0
user☠ user:~$≻ ls -la counss
ls: não é possível acessar 'counss': Arquivo ou diretório não encontrado
user☠ user:~$≻ echo $?
2
user☠ user:~$≻ # $#:númerodeparâmetrosnalinhadecomando
user☠ user:~$≻ # – $0:nomedoprogramachamado
user☠ user:~$≻ # $1até$n:argumentosemlinhadecomando
user☠ user:~$≻ # $*e$@:representamtodososargumentos
user☠ user:~$≻ # Shift:Promove Argumentos - shift
user☠ user:~$≻ # Set: Inicializa Argumentos em Linha de Comando
user☠ user:~$≻ # Usar um valor padrão (:-)
user☠ user:~$≻ # Usar um valor padrão e atribuí-lo a variável (:=)
user☠ user:~$≻ # Mostrar uma mensagem de erro e abortar o programa (:?)
user☠ user:~$≻ # Expandir padrão se existir (:+)
user☠ user:~$≻ PHONE="(31) 4321-5678”
> 
> ^C
user☠ user:~$≻ echo ${PHONE:5}

user☠ user:~$≻ ^C
user☠ user:~$≻ ^C
user☠ user:~$≻ PHONE="(31) 4321-5678”
> ^C
> echo ${PHONE:5}^C
user☠ user:~$≻ PHONE="(31) 4321-5678"
user☠ user:~$≻ echo ${PHONE:5}
4321-5678
user☠ user:~$≻ echo ${PHONE:0:4}
(31)
user☠ user:~$≻ echo ${PWD}
/home/user
user☠ user:~$≻ echo ${#PWD}
10
user☠ user:~$≻ echo ${NAMES[*]}
x x de CR7
user☠ user:~$≻ echo ${#NAMES[*]}
4
user☠ user:~$≻ echo ${#NAMES[1]}
4
user☠ user:~$≻ echo ${#NAMES[3]}
5
user☠ user:~$≻ # Ooperador#removeoprefixo casadomínimo,enquanto##oprefixo
user☠ user:~$≻ SOURCEFILE="/usr/local/src/prog.c"
user☠ user:~$≻ echo ${SOURCEFILE#/*/}
local/src/prog.c
user☠ user:~$≻ echo ${SOURCEFILE}
/usr/local/src/prog.c
user☠ user:~$≻ echo ${SOURCEFILE#}
/usr/local/src/prog.c
user☠ user:~$≻ echo ${SOURCEFILE##/*/}
prog.c
user☠ user:~$≻ echo ${SOURCEFILE%/*}
/usr/local/src
user☠ user:~$≻ echo ${SOURCEFILE%%/*}

user☠ user:~$≻ echo ${SOURCEFILE%%.c}
/usr/local/src/prog
user☠ user:~$≻ echo ${SOURCEFILE/.c/.cpp}
/usr/local/src/prog.cpp
user☠ user:~$≻ echo ${SOURCEFILE/\/usr\/local/.}
./src/prog.c
user☠ user:~$≻ echo ${SOURCEFILE/*\//}
prog.c
user☠ user:~$≻ 

